sh1106.c:37:13:SH1106_cmd	40	static
sh1106.c:48:13:SH1106_cmd_double	24	static
sh1106.c:62:6:SH1106_Init	16	static
sh1106.c:123:6:SH1106_Contrast	16	static
sh1106.c:134:6:SH1106_SetAllPixelsOn	16	static
sh1106.c:144:6:SH1106_SetInvert	16	static
sh1106.c:154:6:SH1106_SetDisplayState	16	static
sh1106.c:165:6:SH1106_SetXDir	16	static
sh1106.c:176:6:SH1106_SetYDir	16	static
sh1106.c:187:6:SH1106_Orientation	16	static
sh1106.c:227:6:SH1106_Flush	32	static
sh1106.c:262:6:SH1106_Fill	24	static
sh1106.c:276:6:SH1106_ScrollHSetup	24	static
sh1106.c:296:6:SH1106_ScrollDSetup	24	static
sh1106.c:311:6:SH1106_ScrollStart	8	static
sh1106.c:319:6:SH1106_ScrollStop	8	static
sh1106.c:330:37:LCD_Pixel	24	static
sh1106.c:385:13:LCD_HLineInt	24	static
sh1106.c:416:13:LCD_VLineInt	24	static
sh1106.c:509:6:LCD_HLine	24	static
sh1106.c:530:6:LCD_VLine	24	static
sh1106.c:551:6:LCD_Rect	24	static
sh1106.c:562:6:LCD_FillRect	32	static
sh1106.c:604:6:LCD_Line	48	static
sh1106.c:659:6:LCD_Circle	80	static
sh1106.c:709:6:LCD_Ellipse	88	static
sh1106.c:769:9:LCD_PutChar	48	static
sh1106.c:878:10:LCD_PutStr	32	static
sh1106.c:896:10:LCD_PutStrLF	32	static
sh1106.c:920:9:LCD_PutInt	48	static
sh1106.c:949:9:LCD_PutIntU	40	static
sh1106.c:973:9:LCD_PutIntF	48	static
sh1106.c:1027:9:LCD_PutIntLZ	40	static
sh1106.c:1065:9:LCD_PutHex	40	static
sh1106.c:1094:6:LCD_DrawBitmap	32	static
sh1106.c:1125:6:LCD_DrawBitmapFullscreen	16	static
