ssd1306.c:22:13:ssd1306_WriteCommand	32	static
ssd1306.c:44:9:ssd1306_Init	8	static
ssd1306.c:136:6:ssd1306_Fill	24	static
ssd1306.c:150:6:ssd1306_UpdateScreen	32	static
ssd1306.c:170:6:ssd1306_DrawPixel	16	static
ssd1306.c:202:6:ssd1306_WriteChar	48	static
ssd1306.c:244:6:ssd1306_WriteString	24	static
ssd1306.c:266:6:ssd1306_SetCursor	16	static
ssd1306.c:273:6:ssd1306_DrawLine	40	static
ssd1306.c:358:6:ssd1306_DrawRectangle	32	static
ssd1306.c:384:6:ssd1306_DrawFilledRectangle	40	static
ssd1306.c:412:6:ssd1306_DrawTriangle	32	static
ssd1306.c:421:6:ssd1306_DrawFilledTriangle	64	static
ssd1306.c:478:6:ssd1306_DrawCircle	40	static
ssd1306.c:513:6:ssd1306_DrawFilledCircle	48	static
ssd1306.c:545:6:ssd1306_ON	8	static
ssd1306.c:552:6:ssd1306_OFF	8	static
ssd1306.c:559:6:ssd1306_test	8	static
