sh1106.c:21:13:sh1106_WriteCommand	32	static
sh1106.c:41:9:sh1106_Init	8	static
sh1106.c:132:6:sh1106_Fill	24	static
sh1106.c:144:6:sh1106_UpdateScreen	32	static
sh1106.c:163:6:sh1106_DrawPixel	16	static
sh1106.c:188:6:sh1106_WriteChar	48	static
sh1106.c:225:6:sh1106_WriteString	24	static
sh1106.c:244:6:sh1106_SetCursor	16	static
sh1106.c:250:6:sh1106_DrawLine	40	static
sh1106.c:334:6:sh1106_DrawRectangle	32	static
sh1106.c:356:6:sh1106_DrawFilledRectangle	40	static
sh1106.c:380:6:sh1106_DrawTriangle	32	static
sh1106.c:387:6:sh1106_DrawFilledTriangle	64	static
sh1106.c:443:6:sh1106_DrawCircle	40	static
sh1106.c:477:6:sh1106_DrawFilledCircle	48	static
sh1106.c:508:6:sh1106_ON	8	static
sh1106.c:514:6:sh1106_OFF	8	static
sh1106.c:520:6:sh1106_test	8	static
