sh1106.c:21:13:sh1106_WriteCommand	32	static
sh1106.c:41:9:sh1106_Init	8	static
sh1106.c:177:6:sh1106_Fill	24	static
sh1106.c:189:6:sh1106_UpdateScreen	32	static
sh1106.c:208:6:sh1106_DrawPixel	16	static
sh1106.c:233:6:sh1106_WriteChar	48	static
sh1106.c:270:6:sh1106_WriteString	24	static
sh1106.c:289:6:sh1106_SetCursor	16	static
sh1106.c:296:6:sh1106_DrawLine	40	static
sh1106.c:380:6:sh1106_DrawRectangle	32	static
sh1106.c:402:6:sh1106_DrawFilledRectangle	40	static
sh1106.c:426:6:sh1106_DrawTriangle	32	static
sh1106.c:433:6:sh1106_DrawFilledTriangle	64	static
sh1106.c:489:6:sh1106_DrawCircle	40	static
sh1106.c:523:6:sh1106_DrawFilledCircle	48	static
sh1106.c:554:6:sh1106_ON	8	static
sh1106.c:560:6:sh1106_OFF	8	static
sh1106.c:566:6:sh1106_test	8	static
sh1106.c:578:6:sh1106_print	24	static
